Archive member included to satisfy reference by file (symbol)

src/app/libapp_core.a(app_init.c.obj)
                              CMakeFiles/CNCv1.dir/src/app/main.c.obj (app_init)
src/app/motion/libmotion.a(motion_units.c.obj)
                              CMakeFiles/CNCv1.dir/src/app/main.c.obj (motion_init_defaults)
src/app/motion/libmotion.a(home.c.obj)
                              CMakeFiles/CNCv1.dir/src/app/main.c.obj (home_init)
src/drivers/stepgen/libstepgen.a(stepgen_pwm_tim3.c.obj)
                              src/app/libapp_core.a(app_init.c.obj) (stepgen_init_all)
src/bsp/libbsp.a(bsp_gpio.c.obj)
                              src/drivers/stepgen/libstepgen.a(stepgen_pwm_tim3.c.obj) (bsp_gpio_en)
src/bsp/libbsp.a(bsp_usart2_debug.c.obj)
                              src/app/libapp_core.a(app_init.c.obj) (dbg_uart_init)
src/config/clock/libclock.a(system_clock.c.obj)
                              src/app/libapp_core.a(app_init.c.obj) (system_clock_init)
src/utils/libutils.a(delay.c.obj)
                              src/app/motion/libmotion.a(home.c.obj) (delay)
src/drivers/estop/libestop.a(estop.c.obj)
                              src/app/libapp_core.a(app_init.c.obj) (estop_init)
src/drivers/limits/liblimits.a(limits.c.obj)
                              src/app/libapp_core.a(app_init.c.obj) (limits_init_min)
c:/progra~2/gnuarm~1/102021~1.10/bin/../lib/gcc/arm-none-eabi/10.3.1/../../../../arm-none-eabi/lib/thumb/v7e-m+fp/hard\libc.a(lib_a-exit.o)
                              c:/progra~2/gnuarm~1/102021~1.10/bin/../lib/gcc/arm-none-eabi/10.3.1/../../../../arm-none-eabi/lib/thumb/v7e-m+fp/hard/crt0.o (exit)
c:/progra~2/gnuarm~1/102021~1.10/bin/../lib/gcc/arm-none-eabi/10.3.1/../../../../arm-none-eabi/lib/thumb/v7e-m+fp/hard\libc.a(lib_a-impure.o)
                              c:/progra~2/gnuarm~1/102021~1.10/bin/../lib/gcc/arm-none-eabi/10.3.1/../../../../arm-none-eabi/lib/thumb/v7e-m+fp/hard\libc.a(lib_a-exit.o) (_global_impure_ptr)
c:/progra~2/gnuarm~1/102021~1.10/bin/../lib/gcc/arm-none-eabi/10.3.1/../../../../arm-none-eabi/lib/thumb/v7e-m+fp/hard\libc.a(lib_a-init.o)
                              c:/progra~2/gnuarm~1/102021~1.10/bin/../lib/gcc/arm-none-eabi/10.3.1/../../../../arm-none-eabi/lib/thumb/v7e-m+fp/hard/crt0.o (__libc_init_array)
c:/progra~2/gnuarm~1/102021~1.10/bin/../lib/gcc/arm-none-eabi/10.3.1/../../../../arm-none-eabi/lib/thumb/v7e-m+fp/hard\libc.a(lib_a-memset.o)
                              c:/progra~2/gnuarm~1/102021~1.10/bin/../lib/gcc/arm-none-eabi/10.3.1/../../../../arm-none-eabi/lib/thumb/v7e-m+fp/hard/crt0.o (memset)
c:/progra~2/gnuarm~1/102021~1.10/bin/../lib/gcc/arm-none-eabi/10.3.1/../../../../arm-none-eabi/lib/thumb/v7e-m+fp/hard\libc.a(lib_a-__call_atexit.o)
                              c:/progra~2/gnuarm~1/102021~1.10/bin/../lib/gcc/arm-none-eabi/10.3.1/../../../../arm-none-eabi/lib/thumb/v7e-m+fp/hard\libc.a(lib_a-exit.o) (__call_exitprocs)
c:/progra~2/gnuarm~1/102021~1.10/bin/../lib/gcc/arm-none-eabi/10.3.1/../../../../arm-none-eabi/lib/thumb/v7e-m+fp/hard\libc.a(lib_a-atexit.o)
                              c:/progra~2/gnuarm~1/102021~1.10/bin/../lib/gcc/arm-none-eabi/10.3.1/../../../../arm-none-eabi/lib/thumb/v7e-m+fp/hard\libc.a(lib_a-__call_atexit.o) (atexit)
c:/progra~2/gnuarm~1/102021~1.10/bin/../lib/gcc/arm-none-eabi/10.3.1/../../../../arm-none-eabi/lib/thumb/v7e-m+fp/hard\libc.a(lib_a-fini.o)
                              c:/progra~2/gnuarm~1/102021~1.10/bin/../lib/gcc/arm-none-eabi/10.3.1/../../../../arm-none-eabi/lib/thumb/v7e-m+fp/hard\libc.a(lib_a-__call_atexit.o) (__libc_fini_array)
c:/progra~2/gnuarm~1/102021~1.10/bin/../lib/gcc/arm-none-eabi/10.3.1/../../../../arm-none-eabi/lib/thumb/v7e-m+fp/hard\libc.a(lib_a-lock.o)
                              c:/progra~2/gnuarm~1/102021~1.10/bin/../lib/gcc/arm-none-eabi/10.3.1/../../../../arm-none-eabi/lib/thumb/v7e-m+fp/hard\libc.a(lib_a-__call_atexit.o) (__retarget_lock_acquire_recursive)
c:/progra~2/gnuarm~1/102021~1.10/bin/../lib/gcc/arm-none-eabi/10.3.1/../../../../arm-none-eabi/lib/thumb/v7e-m+fp/hard\libc.a(lib_a-__atexit.o)
                              c:/progra~2/gnuarm~1/102021~1.10/bin/../lib/gcc/arm-none-eabi/10.3.1/../../../../arm-none-eabi/lib/thumb/v7e-m+fp/hard\libc.a(lib_a-atexit.o) (__register_exitproc)

Discarded input sections

 .text          0x00000000        0x0 c:/progra~2/gnuarm~1/102021~1.10/bin/../lib/gcc/arm-none-eabi/10.3.1/thumb/v7e-m+fp/hard/crti.o
 .data          0x00000000        0x0 c:/progra~2/gnuarm~1/102021~1.10/bin/../lib/gcc/arm-none-eabi/10.3.1/thumb/v7e-m+fp/hard/crti.o
 .bss           0x00000000        0x0 c:/progra~2/gnuarm~1/102021~1.10/bin/../lib/gcc/arm-none-eabi/10.3.1/thumb/v7e-m+fp/hard/crti.o
 .data          0x00000000        0x4 c:/progra~2/gnuarm~1/102021~1.10/bin/../lib/gcc/arm-none-eabi/10.3.1/thumb/v7e-m+fp/hard/crtbegin.o
 .rodata        0x00000000       0x24 c:/progra~2/gnuarm~1/102021~1.10/bin/../lib/gcc/arm-none-eabi/10.3.1/thumb/v7e-m+fp/hard/crtbegin.o
 .text          0x00000000       0x7c c:/progra~2/gnuarm~1/102021~1.10/bin/../lib/gcc/arm-none-eabi/10.3.1/../../../../arm-none-eabi/lib/thumb/v7e-m+fp/hard/crt0.o
 .data          0x00000000        0x0 c:/progra~2/gnuarm~1/102021~1.10/bin/../lib/gcc/arm-none-eabi/10.3.1/../../../../arm-none-eabi/lib/thumb/v7e-m+fp/hard/crt0.o
 .bss           0x00000000        0x0 c:/progra~2/gnuarm~1/102021~1.10/bin/../lib/gcc/arm-none-eabi/10.3.1/../../../../arm-none-eabi/lib/thumb/v7e-m+fp/hard/crt0.o
 .ARM.extab     0x00000000        0x0 c:/progra~2/gnuarm~1/102021~1.10/bin/../lib/gcc/arm-none-eabi/10.3.1/../../../../arm-none-eabi/lib/thumb/v7e-m+fp/hard/crt0.o
 .ARM.exidx     0x00000000       0x10 c:/progra~2/gnuarm~1/102021~1.10/bin/../lib/gcc/arm-none-eabi/10.3.1/../../../../arm-none-eabi/lib/thumb/v7e-m+fp/hard/crt0.o
 .ARM.attributes
                0x00000000       0x1c c:/progra~2/gnuarm~1/102021~1.10/bin/../lib/gcc/arm-none-eabi/10.3.1/../../../../arm-none-eabi/lib/thumb/v7e-m+fp/hard/crt0.o
 .text          0x00000000        0x0 mcu_support/CMakeFiles/stm32_startup.dir/st/system_stm32f4xx.c.obj
 .data          0x00000000        0x0 mcu_support/CMakeFiles/stm32_startup.dir/st/system_stm32f4xx.c.obj
 .bss           0x00000000        0x0 mcu_support/CMakeFiles/stm32_startup.dir/st/system_stm32f4xx.c.obj
 .text.SystemCoreClockUpdate
                0x00000000       0x70 mcu_support/CMakeFiles/stm32_startup.dir/st/system_stm32f4xx.c.obj
 .rodata.AHBPrescTable
                0x00000000       0x10 mcu_support/CMakeFiles/stm32_startup.dir/st/system_stm32f4xx.c.obj
 .rodata.APBPrescTable
                0x00000000        0x8 mcu_support/CMakeFiles/stm32_startup.dir/st/system_stm32f4xx.c.obj
 .text          0x00000000       0x14 mcu_support/CMakeFiles/stm32_startup.dir/st/Startup/startup_stm32f446xx.s.obj
 .data          0x00000000        0x0 mcu_support/CMakeFiles/stm32_startup.dir/st/Startup/startup_stm32f446xx.s.obj
 .bss           0x00000000        0x0 mcu_support/CMakeFiles/stm32_startup.dir/st/Startup/startup_stm32f446xx.s.obj
 .text          0x00000000        0x0 CMakeFiles/CNCv1.dir/src/app/main.c.obj
 .data          0x00000000        0x0 CMakeFiles/CNCv1.dir/src/app/main.c.obj
 .bss           0x00000000        0x0 CMakeFiles/CNCv1.dir/src/app/main.c.obj
 .text          0x00000000        0x0 src/app/libapp_core.a(app_init.c.obj)
 .data          0x00000000        0x0 src/app/libapp_core.a(app_init.c.obj)
 .bss           0x00000000        0x0 src/app/libapp_core.a(app_init.c.obj)
 .text          0x00000000        0x0 src/app/motion/libmotion.a(motion_units.c.obj)
 .data          0x00000000        0x0 src/app/motion/libmotion.a(motion_units.c.obj)
 .bss           0x00000000        0x0 src/app/motion/libmotion.a(motion_units.c.obj)
 .text.steps_per_mm
                0x00000000       0x30 src/app/motion/libmotion.a(motion_units.c.obj)
 .text          0x00000000        0x0 src/app/motion/libmotion.a(home.c.obj)
 .data          0x00000000        0x0 src/app/motion/libmotion.a(home.c.obj)
 .bss           0x00000000        0x0 src/app/motion/libmotion.a(home.c.obj)
 .text          0x00000000        0x0 src/drivers/stepgen/libstepgen.a(stepgen_pwm_tim3.c.obj)
 .data          0x00000000        0x0 src/drivers/stepgen/libstepgen.a(stepgen_pwm_tim3.c.obj)
 .bss           0x00000000        0x0 src/drivers/stepgen/libstepgen.a(stepgen_pwm_tim3.c.obj)
 .text.stepgen_start_all
                0x00000000       0x10 src/drivers/stepgen/libstepgen.a(stepgen_pwm_tim3.c.obj)
 .text.stepgen_stop_all
                0x00000000       0x10 src/drivers/stepgen/libstepgen.a(stepgen_pwm_tim3.c.obj)
 .text          0x00000000        0x0 src/bsp/libbsp.a(bsp_gpio.c.obj)
 .data          0x00000000        0x0 src/bsp/libbsp.a(bsp_gpio.c.obj)
 .bss           0x00000000        0x0 src/bsp/libbsp.a(bsp_gpio.c.obj)
 .text          0x00000000        0x0 src/bsp/libbsp.a(bsp_usart2_debug.c.obj)
 .data          0x00000000        0x0 src/bsp/libbsp.a(bsp_usart2_debug.c.obj)
 .bss           0x00000000        0x0 src/bsp/libbsp.a(bsp_usart2_debug.c.obj)
 .text.dbg_putc
                0x00000000       0x10 src/bsp/libbsp.a(bsp_usart2_debug.c.obj)
 .text.dbg_write
                0x00000000       0x1c src/bsp/libbsp.a(bsp_usart2_debug.c.obj)
 .text.dbg_getc_nonblock
                0x00000000       0x18 src/bsp/libbsp.a(bsp_usart2_debug.c.obj)
 .text          0x00000000        0x0 src/config/clock/libclock.a(system_clock.c.obj)
 .data          0x00000000        0x0 src/config/clock/libclock.a(system_clock.c.obj)
 .bss           0x00000000        0x0 src/config/clock/libclock.a(system_clock.c.obj)
 .text.dwt_enable
                0x00000000       0x28 src/config/clock/libclock.a(system_clock.c.obj)
 .text.measure_10ms_cycles
                0x00000000       0x8c src/config/clock/libclock.a(system_clock.c.obj)
 .text          0x00000000        0x0 src/utils/libutils.a(delay.c.obj)
 .data          0x00000000        0x0 src/utils/libutils.a(delay.c.obj)
 .bss           0x00000000        0x0 src/utils/libutils.a(delay.c.obj)
 .text          0x00000000        0x0 src/drivers/estop/libestop.a(estop.c.obj)
 .data          0x00000000        0x0 src/drivers/estop/libestop.a(estop.c.obj)
 .bss           0x00000000        0x0 src/drivers/estop/libestop.a(estop.c.obj)
 .text.estop_clear
                0x00000000        0xc src/drivers/estop/libestop.a(estop.c.obj)
 .text          0x00000000        0x0 src/drivers/limits/liblimits.a(limits.c.obj)
 .data          0x00000000        0x0 src/drivers/limits/liblimits.a(limits.c.obj)
 .bss           0x00000000        0x0 src/drivers/limits/liblimits.a(limits.c.obj)
 .text          0x00000000        0x0 c:/progra~2/gnuarm~1/102021~1.10/bin/../lib/gcc/arm-none-eabi/10.3.1/../../../../arm-none-eabi/lib/thumb/v7e-m+fp/hard\libc.a(lib_a-exit.o)
 .data          0x00000000        0x0 c:/progra~2/gnuarm~1/102021~1.10/bin/../lib/gcc/arm-none-eabi/10.3.1/../../../../arm-none-eabi/lib/thumb/v7e-m+fp/hard\libc.a(lib_a-exit.o)
 .bss           0x00000000        0x0 c:/progra~2/gnuarm~1/102021~1.10/bin/../lib/gcc/arm-none-eabi/10.3.1/../../../../arm-none-eabi/lib/thumb/v7e-m+fp/hard\libc.a(lib_a-exit.o)
 .text.exit     0x00000000       0x20 c:/progra~2/gnuarm~1/102021~1.10/bin/../lib/gcc/arm-none-eabi/10.3.1/../../../../arm-none-eabi/lib/thumb/v7e-m+fp/hard\libc.a(lib_a-exit.o)
 .debug_frame   0x00000000       0x28 c:/progra~2/gnuarm~1/102021~1.10/bin/../lib/gcc/arm-none-eabi/10.3.1/../../../../arm-none-eabi/lib/thumb/v7e-m+fp/hard\libc.a(lib_a-exit.o)
 .ARM.attributes
                0x00000000       0x34 c:/progra~2/gnuarm~1/102021~1.10/bin/../lib/gcc/arm-none-eabi/10.3.1/../../../../arm-none-eabi/lib/thumb/v7e-m+fp/hard\libc.a(lib_a-exit.o)
 .text          0x00000000        0x0 c:/progra~2/gnuarm~1/102021~1.10/bin/../lib/gcc/arm-none-eabi/10.3.1/../../../../arm-none-eabi/lib/thumb/v7e-m+fp/hard\libc.a(lib_a-impure.o)
 .data          0x00000000        0x0 c:/progra~2/gnuarm~1/102021~1.10/bin/../lib/gcc/arm-none-eabi/10.3.1/../../../../arm-none-eabi/lib/thumb/v7e-m+fp/hard\libc.a(lib_a-impure.o)
 .bss           0x00000000        0x0 c:/progra~2/gnuarm~1/102021~1.10/bin/../lib/gcc/arm-none-eabi/10.3.1/../../../../arm-none-eabi/lib/thumb/v7e-m+fp/hard\libc.a(lib_a-impure.o)
 .data._impure_ptr
                0x00000000        0x4 c:/progra~2/gnuarm~1/102021~1.10/bin/../lib/gcc/arm-none-eabi/10.3.1/../../../../arm-none-eabi/lib/thumb/v7e-m+fp/hard\libc.a(lib_a-impure.o)
 .text          0x00000000        0x0 c:/progra~2/gnuarm~1/102021~1.10/bin/../lib/gcc/arm-none-eabi/10.3.1/../../../../arm-none-eabi/lib/thumb/v7e-m+fp/hard\libc.a(lib_a-init.o)
 .data          0x00000000        0x0 c:/progra~2/gnuarm~1/102021~1.10/bin/../lib/gcc/arm-none-eabi/10.3.1/../../../../arm-none-eabi/lib/thumb/v7e-m+fp/hard\libc.a(lib_a-init.o)
 .bss           0x00000000        0x0 c:/progra~2/gnuarm~1/102021~1.10/bin/../lib/gcc/arm-none-eabi/10.3.1/../../../../arm-none-eabi/lib/thumb/v7e-m+fp/hard\libc.a(lib_a-init.o)
 .text          0x00000000        0x0 c:/progra~2/gnuarm~1/102021~1.10/bin/../lib/gcc/arm-none-eabi/10.3.1/../../../../arm-none-eabi/lib/thumb/v7e-m+fp/hard\libc.a(lib_a-memset.o)
 .data          0x00000000        0x0 c:/progra~2/gnuarm~1/102021~1.10/bin/../lib/gcc/arm-none-eabi/10.3.1/../../../../arm-none-eabi/lib/thumb/v7e-m+fp/hard\libc.a(lib_a-memset.o)
 .bss           0x00000000        0x0 c:/progra~2/gnuarm~1/102021~1.10/bin/../lib/gcc/arm-none-eabi/10.3.1/../../../../arm-none-eabi/lib/thumb/v7e-m+fp/hard\libc.a(lib_a-memset.o)
 .text.memset   0x00000000       0xa4 c:/progra~2/gnuarm~1/102021~1.10/bin/../lib/gcc/arm-none-eabi/10.3.1/../../../../arm-none-eabi/lib/thumb/v7e-m+fp/hard\libc.a(lib_a-memset.o)
 .debug_frame   0x00000000       0x2c c:/progra~2/gnuarm~1/102021~1.10/bin/../lib/gcc/arm-none-eabi/10.3.1/../../../../arm-none-eabi/lib/thumb/v7e-m+fp/hard\libc.a(lib_a-memset.o)
 .ARM.attributes
                0x00000000       0x34 c:/progra~2/gnuarm~1/102021~1.10/bin/../lib/gcc/arm-none-eabi/10.3.1/../../../../arm-none-eabi/lib/thumb/v7e-m+fp/hard\libc.a(lib_a-memset.o)
 .text          0x00000000        0x0 c:/progra~2/gnuarm~1/102021~1.10/bin/../lib/gcc/arm-none-eabi/10.3.1/../../../../arm-none-eabi/lib/thumb/v7e-m+fp/hard\libc.a(lib_a-__call_atexit.o)
 .data          0x00000000        0x0 c:/progra~2/gnuarm~1/102021~1.10/bin/../lib/gcc/arm-none-eabi/10.3.1/../../../../arm-none-eabi/lib/thumb/v7e-m+fp/hard\libc.a(lib_a-__call_atexit.o)
 .bss           0x00000000        0x0 c:/progra~2/gnuarm~1/102021~1.10/bin/../lib/gcc/arm-none-eabi/10.3.1/../../../../arm-none-eabi/lib/thumb/v7e-m+fp/hard\libc.a(lib_a-__call_atexit.o)
 .text.__call_exitprocs
                0x00000000       0xcc c:/progra~2/gnuarm~1/102021~1.10/bin/../lib/gcc/arm-none-eabi/10.3.1/../../../../arm-none-eabi/lib/thumb/v7e-m+fp/hard\libc.a(lib_a-__call_atexit.o)
 .text          0x00000000        0x0 c:/progra~2/gnuarm~1/102021~1.10/bin/../lib/gcc/arm-none-eabi/10.3.1/../../../../arm-none-eabi/lib/thumb/v7e-m+fp/hard\libc.a(lib_a-atexit.o)
 .data          0x00000000        0x0 c:/progra~2/gnuarm~1/102021~1.10/bin/../lib/gcc/arm-none-eabi/10.3.1/../../../../arm-none-eabi/lib/thumb/v7e-m+fp/hard\libc.a(lib_a-atexit.o)
 .bss           0x00000000        0x0 c:/progra~2/gnuarm~1/102021~1.10/bin/../lib/gcc/arm-none-eabi/10.3.1/../../../../arm-none-eabi/lib/thumb/v7e-m+fp/hard\libc.a(lib_a-atexit.o)
 .text          0x00000000        0x0 c:/progra~2/gnuarm~1/102021~1.10/bin/../lib/gcc/arm-none-eabi/10.3.1/../../../../arm-none-eabi/lib/thumb/v7e-m+fp/hard\libc.a(lib_a-fini.o)
 .data          0x00000000        0x0 c:/progra~2/gnuarm~1/102021~1.10/bin/../lib/gcc/arm-none-eabi/10.3.1/../../../../arm-none-eabi/lib/thumb/v7e-m+fp/hard\libc.a(lib_a-fini.o)
 .bss           0x00000000        0x0 c:/progra~2/gnuarm~1/102021~1.10/bin/../lib/gcc/arm-none-eabi/10.3.1/../../../../arm-none-eabi/lib/thumb/v7e-m+fp/hard\libc.a(lib_a-fini.o)
 .text          0x00000000        0x0 c:/progra~2/gnuarm~1/102021~1.10/bin/../lib/gcc/arm-none-eabi/10.3.1/../../../../arm-none-eabi/lib/thumb/v7e-m+fp/hard\libc.a(lib_a-lock.o)
 .data          0x00000000        0x0 c:/progra~2/gnuarm~1/102021~1.10/bin/../lib/gcc/arm-none-eabi/10.3.1/../../../../arm-none-eabi/lib/thumb/v7e-m+fp/hard\libc.a(lib_a-lock.o)
 .bss           0x00000000        0x0 c:/progra~2/gnuarm~1/102021~1.10/bin/../lib/gcc/arm-none-eabi/10.3.1/../../../../arm-none-eabi/lib/thumb/v7e-m+fp/hard\libc.a(lib_a-lock.o)
 .text.__retarget_lock_init
                0x00000000        0x4 c:/progra~2/gnuarm~1/102021~1.10/bin/../lib/gcc/arm-none-eabi/10.3.1/../../../../arm-none-eabi/lib/thumb/v7e-m+fp/hard\libc.a(lib_a-lock.o)
 .text.__retarget_lock_init_recursive
                0x00000000        0x4 c:/progra~2/gnuarm~1/102021~1.10/bin/../lib/gcc/arm-none-eabi/10.3.1/../../../../arm-none-eabi/lib/thumb/v7e-m+fp/hard\libc.a(lib_a-lock.o)
 .text.__retarget_lock_close
                0x00000000        0x4 c:/progra~2/gnuarm~1/102021~1.10/bin/../lib/gcc/arm-none-eabi/10.3.1/../../../../arm-none-eabi/lib/thumb/v7e-m+fp/hard\libc.a(lib_a-lock.o)
 .text.__retarget_lock_close_recursive
                0x00000000        0x4 c:/progra~2/gnuarm~1/102021~1.10/bin/../lib/gcc/arm-none-eabi/10.3.1/../../../../arm-none-eabi/lib/thumb/v7e-m+fp/hard\libc.a(lib_a-lock.o)
 .text.__retarget_lock_acquire
                0x00000000        0x4 c:/progra~2/gnuarm~1/102021~1.10/bin/../lib/gcc/arm-none-eabi/10.3.1/../../../../arm-none-eabi/lib/thumb/v7e-m+fp/hard\libc.a(lib_a-lock.o)
 .text.__retarget_lock_try_acquire
                0x00000000        0x4 c:/progra~2/gnuarm~1/102021~1.10/bin/../lib/gcc/arm-none-eabi/10.3.1/../../../../arm-none-eabi/lib/thumb/v7e-m+fp/hard\libc.a(lib_a-lock.o)
 .text.__retarget_lock_try_acquire_recursive
                0x00000000        0x4 c:/progra~2/gnuarm~1/102021~1.10/bin/../lib/gcc/arm-none-eabi/10.3.1/../../../../arm-none-eabi/lib/thumb/v7e-m+fp/hard\libc.a(lib_a-lock.o)
 .text.__retarget_lock_release
                0x00000000        0x4 c:/progra~2/gnuarm~1/102021~1.10/bin/../lib/gcc/arm-none-eabi/10.3.1/../../../../arm-none-eabi/lib/thumb/v7e-m+fp/hard\libc.a(lib_a-lock.o)
 .bss.__lock___arc4random_mutex
                0x00000000        0x1 c:/progra~2/gnuarm~1/102021~1.10/bin/../lib/gcc/arm-none-eabi/10.3.1/../../../../arm-none-eabi/lib/thumb/v7e-m+fp/hard\libc.a(lib_a-lock.o)
 .bss.__lock___at_quick_exit_mutex
                0x00000000        0x1 c:/progra~2/gnuarm~1/102021~1.10/bin/../lib/gcc/arm-none-eabi/10.3.1/../../../../arm-none-eabi/lib/thumb/v7e-m+fp/hard\libc.a(lib_a-lock.o)
 .bss.__lock___dd_hash_mutex
                0x00000000        0x1 c:/progra~2/gnuarm~1/102021~1.10/bin/../lib/gcc/arm-none-eabi/10.3.1/../../../../arm-none-eabi/lib/thumb/v7e-m+fp/hard\libc.a(lib_a-lock.o)
 .bss.__lock___env_recursive_mutex
                0x00000000        0x1 c:/progra~2/gnuarm~1/102021~1.10/bin/../lib/gcc/arm-none-eabi/10.3.1/../../../../arm-none-eabi/lib/thumb/v7e-m+fp/hard\libc.a(lib_a-lock.o)
 .bss.__lock___malloc_recursive_mutex
                0x00000000        0x1 c:/progra~2/gnuarm~1/102021~1.10/bin/../lib/gcc/arm-none-eabi/10.3.1/../../../../arm-none-eabi/lib/thumb/v7e-m+fp/hard\libc.a(lib_a-lock.o)
 .bss.__lock___sfp_recursive_mutex
                0x00000000        0x1 c:/progra~2/gnuarm~1/102021~1.10/bin/../lib/gcc/arm-none-eabi/10.3.1/../../../../arm-none-eabi/lib/thumb/v7e-m+fp/hard\libc.a(lib_a-lock.o)
 .bss.__lock___sinit_recursive_mutex
                0x00000000        0x1 c:/progra~2/gnuarm~1/102021~1.10/bin/../lib/gcc/arm-none-eabi/10.3.1/../../../../arm-none-eabi/lib/thumb/v7e-m+fp/hard\libc.a(lib_a-lock.o)
 .bss.__lock___tz_mutex
                0x00000000        0x1 c:/progra~2/gnuarm~1/102021~1.10/bin/../lib/gcc/arm-none-eabi/10.3.1/../../../../arm-none-eabi/lib/thumb/v7e-m+fp/hard\libc.a(lib_a-lock.o)
 .text          0x00000000        0x0 c:/progra~2/gnuarm~1/102021~1.10/bin/../lib/gcc/arm-none-eabi/10.3.1/../../../../arm-none-eabi/lib/thumb/v7e-m+fp/hard\libc.a(lib_a-__atexit.o)
 .data          0x00000000        0x0 c:/progra~2/gnuarm~1/102021~1.10/bin/../lib/gcc/arm-none-eabi/10.3.1/../../../../arm-none-eabi/lib/thumb/v7e-m+fp/hard\libc.a(lib_a-__atexit.o)
 .bss           0x00000000        0x0 c:/progra~2/gnuarm~1/102021~1.10/bin/../lib/gcc/arm-none-eabi/10.3.1/../../../../arm-none-eabi/lib/thumb/v7e-m+fp/hard\libc.a(lib_a-__atexit.o)
 .text          0x00000000        0x0 c:/progra~2/gnuarm~1/102021~1.10/bin/../lib/gcc/arm-none-eabi/10.3.1/thumb/v7e-m+fp/hard/crtend.o
 .data          0x00000000        0x0 c:/progra~2/gnuarm~1/102021~1.10/bin/../lib/gcc/arm-none-eabi/10.3.1/thumb/v7e-m+fp/hard/crtend.o
 .bss           0x00000000        0x0 c:/progra~2/gnuarm~1/102021~1.10/bin/../lib/gcc/arm-none-eabi/10.3.1/thumb/v7e-m+fp/hard/crtend.o
 .rodata        0x00000000       0x24 c:/progra~2/gnuarm~1/102021~1.10/bin/../lib/gcc/arm-none-eabi/10.3.1/thumb/v7e-m+fp/hard/crtend.o
 .eh_frame      0x00000000        0x4 c:/progra~2/gnuarm~1/102021~1.10/bin/../lib/gcc/arm-none-eabi/10.3.1/thumb/v7e-m+fp/hard/crtend.o
 .ARM.attributes
                0x00000000       0x34 c:/progra~2/gnuarm~1/102021~1.10/bin/../lib/gcc/arm-none-eabi/10.3.1/thumb/v7e-m+fp/hard/crtend.o
 .text          0x00000000        0x0 c:/progra~2/gnuarm~1/102021~1.10/bin/../lib/gcc/arm-none-eabi/10.3.1/thumb/v7e-m+fp/hard/crtn.o
 .data          0x00000000        0x0 c:/progra~2/gnuarm~1/102021~1.10/bin/../lib/gcc/arm-none-eabi/10.3.1/thumb/v7e-m+fp/hard/crtn.o
 .bss           0x00000000        0x0 c:/progra~2/gnuarm~1/102021~1.10/bin/../lib/gcc/arm-none-eabi/10.3.1/thumb/v7e-m+fp/hard/crtn.o

Memory Configuration

Name             Origin             Length             Attributes
RAM              0x20000000         0x00020000         xrw
FLASH            0x08000000         0x00080000         xr
*default*        0x00000000         0xffffffff

Linker script and memory map

LOAD c:/progra~2/gnuarm~1/102021~1.10/bin/../lib/gcc/arm-none-eabi/10.3.1/thumb/v7e-m+fp/hard/crti.o
LOAD c:/progra~2/gnuarm~1/102021~1.10/bin/../lib/gcc/arm-none-eabi/10.3.1/thumb/v7e-m+fp/hard/crtbegin.o
LOAD c:/progra~2/gnuarm~1/102021~1.10/bin/../lib/gcc/arm-none-eabi/10.3.1/../../../../arm-none-eabi/lib/thumb/v7e-m+fp/hard/crt0.o
LOAD mcu_support/CMakeFiles/stm32_startup.dir/st/system_stm32f4xx.c.obj
LOAD mcu_support/CMakeFiles/stm32_startup.dir/st/Startup/startup_stm32f446xx.s.obj
LOAD CMakeFiles/CNCv1.dir/src/app/main.c.obj
LOAD src/app/libapp_core.a
LOAD src/app/motion/libmotion.a
LOAD src/drivers/stepgen/libstepgen.a
LOAD src/bsp/libbsp.a
LOAD src/config/clock/libclock.a
LOAD src/utils/libutils.a
LOAD src/drivers/estop/libestop.a
LOAD src/drivers/limits/liblimits.a
LOAD src/bsp/libbsp.a
START GROUP
LOAD c:/progra~2/gnuarm~1/102021~1.10/bin/../lib/gcc/arm-none-eabi/10.3.1/thumb/v7e-m+fp/hard\libgcc.a
LOAD c:/progra~2/gnuarm~1/102021~1.10/bin/../lib/gcc/arm-none-eabi/10.3.1/../../../../arm-none-eabi/lib/thumb/v7e-m+fp/hard\libc.a
END GROUP
LOAD c:/progra~2/gnuarm~1/102021~1.10/bin/../lib/gcc/arm-none-eabi/10.3.1/thumb/v7e-m+fp/hard/crtend.o
LOAD c:/progra~2/gnuarm~1/102021~1.10/bin/../lib/gcc/arm-none-eabi/10.3.1/thumb/v7e-m+fp/hard/crtn.o
                0x20020000                _estack = (ORIGIN (RAM) + LENGTH (RAM))
                0x00000200                _Min_Heap_Size = 0x200
                0x00000400                _Min_Stack_Size = 0x400

.isr_vector     0x08000000      0x1c4
                0x08000000                . = ALIGN (0x4)
 *(.isr_vector)
 .isr_vector    0x08000000      0x1c4 mcu_support/CMakeFiles/stm32_startup.dir/st/Startup/startup_stm32f446xx.s.obj
                0x08000000                g_pfnVectors
                0x080001c4                . = ALIGN (0x4)

.text           0x080001c4      0xe58
                0x080001c4                . = ALIGN (0x4)
 *(.text)
 .text          0x080001c4       0x40 c:/progra~2/gnuarm~1/102021~1.10/bin/../lib/gcc/arm-none-eabi/10.3.1/thumb/v7e-m+fp/hard/crtbegin.o
 *(.text*)
 .text.SystemInit
                0x08000204       0x14 mcu_support/CMakeFiles/stm32_startup.dir/st/system_stm32f4xx.c.obj
                0x08000204                SystemInit
 .text.Reset_Handler
                0x08000218       0x50 mcu_support/CMakeFiles/stm32_startup.dir/st/Startup/startup_stm32f446xx.s.obj
                0x08000218                Reset_Handler
 .text.Default_Handler
                0x08000268        0x2 mcu_support/CMakeFiles/stm32_startup.dir/st/Startup/startup_stm32f446xx.s.obj
                0x08000268                RTC_Alarm_IRQHandler
                0x08000268                EXTI2_IRQHandler
                0x08000268                TIM8_CC_IRQHandler
                0x08000268                DebugMon_Handler
                0x08000268                FMPI2C1_EV_IRQHandler
                0x08000268                SPI4_IRQHandler
                0x08000268                TIM1_CC_IRQHandler
                0x08000268                DMA2_Stream5_IRQHandler
                0x08000268                HardFault_Handler
                0x08000268                DMA1_Stream5_IRQHandler
                0x08000268                PVD_IRQHandler
                0x08000268                SDIO_IRQHandler
                0x08000268                TAMP_STAMP_IRQHandler
                0x08000268                PendSV_Handler
                0x08000268                NMI_Handler
                0x08000268                CAN2_RX1_IRQHandler
                0x08000268                EXTI3_IRQHandler
                0x08000268                TIM8_TRG_COM_TIM14_IRQHandler
                0x08000268                TIM1_UP_TIM10_IRQHandler
                0x08000268                TIM8_UP_TIM13_IRQHandler
                0x08000268                I2C3_ER_IRQHandler
                0x08000268                EXTI0_IRQHandler
                0x08000268                I2C2_EV_IRQHandler
                0x08000268                DMA1_Stream2_IRQHandler
                0x08000268                CAN1_RX0_IRQHandler
                0x08000268                FPU_IRQHandler
                0x08000268                OTG_HS_WKUP_IRQHandler
                0x08000268                UsageFault_Handler
                0x08000268                CAN2_SCE_IRQHandler
                0x08000268                DMA2_Stream2_IRQHandler
                0x08000268                SPI1_IRQHandler
                0x08000268                TIM6_DAC_IRQHandler
                0x08000268                TIM1_BRK_TIM9_IRQHandler
                0x08000268                DCMI_IRQHandler
                0x08000268                CAN2_RX0_IRQHandler
                0x08000268                DMA2_Stream3_IRQHandler
                0x08000268                SAI2_IRQHandler
                0x08000268                USART6_IRQHandler
                0x08000268                USART3_IRQHandler
                0x08000268                CAN1_RX1_IRQHandler
                0x08000268                UART5_IRQHandler
                0x08000268                DMA2_Stream0_IRQHandler
                0x08000268                TIM4_IRQHandler
                0x08000268                QUADSPI_IRQHandler
                0x08000268                I2C1_EV_IRQHandler
                0x08000268                DMA1_Stream6_IRQHandler
                0x08000268                DMA1_Stream1_IRQHandler
                0x08000268                UART4_IRQHandler
                0x08000268                RCC_IRQHandler
                0x08000268                TIM8_BRK_TIM12_IRQHandler
                0x08000268                Default_Handler
                0x08000268                CEC_IRQHandler
                0x08000268                EXTI15_10_IRQHandler
                0x08000268                ADC_IRQHandler
                0x08000268                DMA1_Stream7_IRQHandler
                0x08000268                TIM7_IRQHandler
                0x08000268                CAN2_TX_IRQHandler
                0x08000268                TIM5_IRQHandler
                0x08000268                DMA2_Stream7_IRQHandler
                0x08000268                I2C3_EV_IRQHandler
                0x08000268                EXTI9_5_IRQHandler
                0x08000268                RTC_WKUP_IRQHandler
                0x08000268                SPDIF_RX_IRQHandler
                0x08000268                SPI2_IRQHandler
                0x08000268                OTG_HS_EP1_IN_IRQHandler
                0x08000268                MemManage_Handler
                0x08000268                DMA1_Stream0_IRQHandler
                0x08000268                CAN1_TX_IRQHandler
                0x08000268                SVC_Handler
                0x08000268                FMPI2C1_ER_IRQHandler
                0x08000268                EXTI4_IRQHandler
                0x08000268                OTG_HS_EP1_OUT_IRQHandler
                0x08000268                WWDG_IRQHandler
                0x08000268                TIM2_IRQHandler
                0x08000268                OTG_FS_WKUP_IRQHandler
                0x08000268                TIM1_TRG_COM_TIM11_IRQHandler
                0x08000268                OTG_HS_IRQHandler
                0x08000268                EXTI1_IRQHandler
                0x08000268                USART2_IRQHandler
                0x08000268                I2C2_ER_IRQHandler
                0x08000268                DMA2_Stream1_IRQHandler
                0x08000268                CAN1_SCE_IRQHandler
                0x08000268                FLASH_IRQHandler
                0x08000268                DMA2_Stream4_IRQHandler
                0x08000268                BusFault_Handler
                0x08000268                USART1_IRQHandler
                0x08000268                OTG_FS_IRQHandler
                0x08000268                SPI3_IRQHandler
                0x08000268                DMA1_Stream4_IRQHandler
                0x08000268                I2C1_ER_IRQHandler
                0x08000268                FMC_IRQHandler
                0x08000268                DMA2_Stream6_IRQHandler
                0x08000268                SAI1_IRQHandler
                0x08000268                DMA1_Stream3_IRQHandler
 *fill*         0x0800026a        0x2 
 .text.startup.main
                0x0800026c      0x144 CMakeFiles/CNCv1.dir/src/app/main.c.obj
                0x0800026c                main
 .text.SysTick_Handler
                0x080003b0       0x10 src/app/libapp_core.a(app_init.c.obj)
                0x080003b0                SysTick_Handler
 .text.app_init
                0x080003c0       0x60 src/app/libapp_core.a(app_init.c.obj)
                0x080003c0                app_init
 .text.motion_init_defaults
                0x08000420       0x2c src/app/motion/libmotion.a(motion_units.c.obj)
                0x08000420                motion_init_defaults
 .text.mm_to_steps
                0x0800044c       0x40 src/app/motion/libmotion.a(motion_units.c.obj)
                0x0800044c                mm_to_steps
 .text.feed_to_hz
                0x0800048c       0x4c src/app/motion/libmotion.a(motion_units.c.obj)
                0x0800048c                feed_to_hz
 .text.move_mm_blocking
                0x080004d8       0x6c src/app/motion/libmotion.a(home.c.obj)
 .text.home_init
                0x08000544       0x18 src/app/motion/libmotion.a(home.c.obj)
                0x08000544                home_init
 .text.home_axis_blocking
                0x0800055c      0x100 src/app/motion/libmotion.a(home.c.obj)
                0x0800055c                home_axis_blocking
 .text.init_axis_gpio_and_channel
                0x0800065c       0xc0 src/drivers/stepgen/libstepgen.a(stepgen_pwm_tim3.c.obj)
 .text.stepgen_init_all
                0x0800071c       0x64 src/drivers/stepgen/libstepgen.a(stepgen_pwm_tim3.c.obj)
                0x0800071c                stepgen_init_all
 .text.stepgen_enable
                0x08000780       0x28 src/drivers/stepgen/libstepgen.a(stepgen_pwm_tim3.c.obj)
                0x08000780                stepgen_enable
 .text.stepgen_dir
                0x080007a8       0x30 src/drivers/stepgen/libstepgen.a(stepgen_pwm_tim3.c.obj)
                0x080007a8                stepgen_dir
 .text.stepgen_set_hz
                0x080007d8       0x5c src/drivers/stepgen/libstepgen.a(stepgen_pwm_tim3.c.obj)
                0x080007d8                stepgen_set_hz
 .text.stepgen_busy
                0x08000834       0x18 src/drivers/stepgen/libstepgen.a(stepgen_pwm_tim3.c.obj)
                0x08000834                stepgen_busy
 .text.stepgen_move_n
                0x0800084c       0x94 src/drivers/stepgen/libstepgen.a(stepgen_pwm_tim3.c.obj)
                0x0800084c                stepgen_move_n
 .text.TIM3_IRQHandler
                0x080008e0      0x150 src/drivers/stepgen/libstepgen.a(stepgen_pwm_tim3.c.obj)
                0x080008e0                TIM3_IRQHandler
 .text.bsp_gpio_en
                0x08000a30       0xb8 src/bsp/libbsp.a(bsp_gpio.c.obj)
                0x08000a30                bsp_gpio_en
 .text.bsp_gpio_in_pu
                0x08000ae8       0x2c src/bsp/libbsp.a(bsp_gpio.c.obj)
                0x08000ae8                bsp_gpio_in_pu
 .text.bsp_gpio_in_pd
                0x08000b14       0x2c src/bsp/libbsp.a(bsp_gpio.c.obj)
                0x08000b14                bsp_gpio_in_pd
 .text.bsp_gpio_out_pp_hs
                0x08000b40       0x40 src/bsp/libbsp.a(bsp_gpio.c.obj)
                0x08000b40                bsp_gpio_out_pp_hs
 .text.bsp_gpio_af_pp_hs
                0x08000b80       0x68 src/bsp/libbsp.a(bsp_gpio.c.obj)
                0x08000b80                bsp_gpio_af_pp_hs
 .text.dbg_uart_init
                0x08000be8       0x74 src/bsp/libbsp.a(bsp_usart2_debug.c.obj)
                0x08000be8                dbg_uart_init
 .text.system_clock_init
                0x08000c5c       0xbc src/config/clock/libclock.a(system_clock.c.obj)
                0x08000c5c                system_clock_init
 .text.delay    0x08000d18       0x1c src/utils/libutils.a(delay.c.obj)
                0x08000d18                delay
 .text.estop_init
                0x08000d34       0x38 src/drivers/estop/libestop.a(estop.c.obj)
                0x08000d34                estop_init
 .text.estop_poll_tick
                0x08000d6c       0x58 src/drivers/estop/libestop.a(estop.c.obj)
                0x08000d6c                estop_poll_tick
 .text.estop_latched
                0x08000dc4       0x10 src/drivers/estop/libestop.a(estop.c.obj)
                0x08000dc4                estop_latched
 .text.limits_init_min
                0x08000dd4       0x64 src/drivers/limits/liblimits.a(limits.c.obj)
                0x08000dd4                limits_init_min
 .text.limits_poll_tick
                0x08000e38       0x74 src/drivers/limits/liblimits.a(limits.c.obj)
                0x08000e38                limits_poll_tick
 .text.limits_min_pressed
                0x08000eac       0x18 src/drivers/limits/liblimits.a(limits.c.obj)
                0x08000eac                limits_min_pressed
 .text.limits_block_neg
                0x08000ec4       0x18 src/drivers/limits/liblimits.a(limits.c.obj)
                0x08000ec4                limits_block_neg
 .text.__libc_init_array
                0x08000edc       0x48 c:/progra~2/gnuarm~1/102021~1.10/bin/../lib/gcc/arm-none-eabi/10.3.1/../../../../arm-none-eabi/lib/thumb/v7e-m+fp/hard\libc.a(lib_a-init.o)
                0x08000edc                __libc_init_array
 .text.startup.register_fini
                0x08000f24       0x14 c:/progra~2/gnuarm~1/102021~1.10/bin/../lib/gcc/arm-none-eabi/10.3.1/../../../../arm-none-eabi/lib/thumb/v7e-m+fp/hard\libc.a(lib_a-__call_atexit.o)
 .text.atexit   0x08000f38        0xc c:/progra~2/gnuarm~1/102021~1.10/bin/../lib/gcc/arm-none-eabi/10.3.1/../../../../arm-none-eabi/lib/thumb/v7e-m+fp/hard\libc.a(lib_a-atexit.o)
                0x08000f38                atexit
 .text.__libc_fini_array
                0x08000f44       0x2c c:/progra~2/gnuarm~1/102021~1.10/bin/../lib/gcc/arm-none-eabi/10.3.1/../../../../arm-none-eabi/lib/thumb/v7e-m+fp/hard\libc.a(lib_a-fini.o)
                0x08000f44                __libc_fini_array
 .text.__retarget_lock_acquire_recursive
                0x08000f70        0x4 c:/progra~2/gnuarm~1/102021~1.10/bin/../lib/gcc/arm-none-eabi/10.3.1/../../../../arm-none-eabi/lib/thumb/v7e-m+fp/hard\libc.a(lib_a-lock.o)
                0x08000f70                __retarget_lock_acquire_recursive
 .text.__retarget_lock_release_recursive
                0x08000f74        0x4 c:/progra~2/gnuarm~1/102021~1.10/bin/../lib/gcc/arm-none-eabi/10.3.1/../../../../arm-none-eabi/lib/thumb/v7e-m+fp/hard\libc.a(lib_a-lock.o)
                0x08000f74                __retarget_lock_release_recursive
 .text.__register_exitproc
                0x08000f78       0x8c c:/progra~2/gnuarm~1/102021~1.10/bin/../lib/gcc/arm-none-eabi/10.3.1/../../../../arm-none-eabi/lib/thumb/v7e-m+fp/hard\libc.a(lib_a-__atexit.o)
                0x08000f78                __register_exitproc
 *(.glue_7)
 .glue_7        0x08001004        0x0 linker stubs
 *(.glue_7t)
 .glue_7t       0x08001004        0x0 linker stubs
 *(.eh_frame)
 .eh_frame      0x08001004        0x0 c:/progra~2/gnuarm~1/102021~1.10/bin/../lib/gcc/arm-none-eabi/10.3.1/thumb/v7e-m+fp/hard/crtbegin.o
 *(.init)
 .init          0x08001004        0x4 c:/progra~2/gnuarm~1/102021~1.10/bin/../lib/gcc/arm-none-eabi/10.3.1/thumb/v7e-m+fp/hard/crti.o
                0x08001004                _init
 .init          0x08001008        0x8 c:/progra~2/gnuarm~1/102021~1.10/bin/../lib/gcc/arm-none-eabi/10.3.1/thumb/v7e-m+fp/hard/crtn.o
 *(.fini)
 .fini          0x08001010        0x4 c:/progra~2/gnuarm~1/102021~1.10/bin/../lib/gcc/arm-none-eabi/10.3.1/thumb/v7e-m+fp/hard/crti.o
                0x08001010                _fini
 .fini          0x08001014        0x8 c:/progra~2/gnuarm~1/102021~1.10/bin/../lib/gcc/arm-none-eabi/10.3.1/thumb/v7e-m+fp/hard/crtn.o
                0x0800101c                . = ALIGN (0x4)
                0x0800101c                _etext = .

.vfp11_veneer   0x0800101c        0x0
 .vfp11_veneer  0x0800101c        0x0 linker stubs

.v4_bx          0x0800101c        0x0
 .v4_bx         0x0800101c        0x0 linker stubs

.iplt           0x0800101c        0x0
 .iplt          0x0800101c        0x0 c:/progra~2/gnuarm~1/102021~1.10/bin/../lib/gcc/arm-none-eabi/10.3.1/thumb/v7e-m+fp/hard/crtbegin.o

.rodata         0x0800101c       0x84
                0x0800101c                . = ALIGN (0x4)
 *(.rodata)
 .rodata        0x0800101c       0x10 src/app/motion/libmotion.a(motion_units.c.obj)
 *(.rodata*)
 .rodata.AXIS_HW
                0x0800102c       0x48 src/drivers/stepgen/libstepgen.a(stepgen_pwm_tim3.c.obj)
 .rodata.CCRn   0x08001074       0x10 src/drivers/stepgen/libstepgen.a(stepgen_pwm_tim3.c.obj)
 .rodata.LIM_MIN
                0x08001084       0x18 src/drivers/limits/liblimits.a(limits.c.obj)
 .rodata._global_impure_ptr
                0x0800109c        0x4 c:/progra~2/gnuarm~1/102021~1.10/bin/../lib/gcc/arm-none-eabi/10.3.1/../../../../arm-none-eabi/lib/thumb/v7e-m+fp/hard\libc.a(lib_a-impure.o)
                0x0800109c                _global_impure_ptr
                0x080010a0                . = ALIGN (0x4)

.rel.dyn        0x080010a0        0x0
 .rel.iplt      0x080010a0        0x0 c:/progra~2/gnuarm~1/102021~1.10/bin/../lib/gcc/arm-none-eabi/10.3.1/thumb/v7e-m+fp/hard/crtbegin.o

.ARM.extab      0x080010a0        0x0
                0x080010a0                . = ALIGN (0x4)
 *(.ARM.extab* .gnu.linkonce.armextab.*)
                0x080010a0                . = ALIGN (0x4)

.ARM            0x080010a0        0x0
                0x080010a0                . = ALIGN (0x4)
                0x080010a0                __exidx_start = .
 *(.ARM.exidx*)
                0x080010a0                __exidx_end = .
                0x080010a0                . = ALIGN (0x4)

.preinit_array  0x080010a0        0x0
                0x080010a0                . = ALIGN (0x4)
                0x080010a0                PROVIDE (__preinit_array_start = .)
 *(.preinit_array*)
                0x080010a0                PROVIDE (__preinit_array_end = .)
                0x080010a0                . = ALIGN (0x4)

.init_array     0x080010a0        0x8
                0x080010a0                . = ALIGN (0x4)
                0x080010a0                PROVIDE (__init_array_start = .)
 *(SORT_BY_NAME(.init_array.*))
 .init_array.00000
                0x080010a0        0x4 c:/progra~2/gnuarm~1/102021~1.10/bin/../lib/gcc/arm-none-eabi/10.3.1/../../../../arm-none-eabi/lib/thumb/v7e-m+fp/hard\libc.a(lib_a-__call_atexit.o)
 *(.init_array*)
 .init_array    0x080010a4        0x4 c:/progra~2/gnuarm~1/102021~1.10/bin/../lib/gcc/arm-none-eabi/10.3.1/thumb/v7e-m+fp/hard/crtbegin.o
                0x080010a8                PROVIDE (__init_array_end = .)
                0x080010a8                . = ALIGN (0x4)

.fini_array     0x080010a8        0x4
                0x080010a8                . = ALIGN (0x4)
                0x080010a8                PROVIDE (__fini_array_start = .)
 *(SORT_BY_NAME(.fini_array.*))
 *(.fini_array*)
 .fini_array    0x080010a8        0x4 c:/progra~2/gnuarm~1/102021~1.10/bin/../lib/gcc/arm-none-eabi/10.3.1/thumb/v7e-m+fp/hard/crtbegin.o
                0x080010ac                PROVIDE (__fini_array_end = .)
                0x080010ac                . = ALIGN (0x4)
                0x080010ac                _sidata = LOADADDR (.data)

.data           0x20000000      0x434 load address 0x080010ac
                0x20000000                . = ALIGN (0x4)
                0x20000000                _sdata = .
 *(.data)
 *(.data*)
 .data.SystemCoreClock
                0x20000000        0x4 mcu_support/CMakeFiles/stm32_startup.dir/st/system_stm32f4xx.c.obj
                0x20000000                SystemCoreClock
 .data.dir_is_cw
                0x20000004        0x3 src/drivers/stepgen/libstepgen.a(stepgen_pwm_tim3.c.obj)
 *fill*         0x20000007        0x1 
 .data.impure_data
                0x20000008      0x428 c:/progra~2/gnuarm~1/102021~1.10/bin/../lib/gcc/arm-none-eabi/10.3.1/../../../../arm-none-eabi/lib/thumb/v7e-m+fp/hard\libc.a(lib_a-impure.o)
 .data.__atexit_recursive_mutex
                0x20000430        0x4 c:/progra~2/gnuarm~1/102021~1.10/bin/../lib/gcc/arm-none-eabi/10.3.1/../../../../arm-none-eabi/lib/thumb/v7e-m+fp/hard\libc.a(lib_a-__call_atexit.o)
                0x20000430                __atexit_recursive_mutex
 *(.RamFunc)
 *(.RamFunc*)
                0x20000434                . = ALIGN (0x4)

.igot.plt       0x20000434        0x0 load address 0x080014e0
 .igot.plt      0x20000434        0x0 c:/progra~2/gnuarm~1/102021~1.10/bin/../lib/gcc/arm-none-eabi/10.3.1/thumb/v7e-m+fp/hard/crtbegin.o

.tdata          0x20000434        0x0 load address 0x080014e0
 *(.tdata .tdata.* .gnu.linkonce.td.*)
                0x20000434                . = ALIGN (0x4)
                0x20000434                _edata = .
                [!provide]                PROVIDE (__data_end = .)
                [!provide]                PROVIDE (__tdata_end = .)
                [!provide]                PROVIDE (__tdata_start = ADDR (.tdata))
                [!provide]                PROVIDE (__tdata_size = (__tdata_end - __tdata_start))
                [!provide]                PROVIDE (__data_start = ADDR (.data))
                [!provide]                PROVIDE (__data_size = (__data_end - __data_start))
                [!provide]                PROVIDE (__tdata_source = LOADADDR (.tdata))
                [!provide]                PROVIDE (__tdata_source_end = (LOADADDR (.tdata) + SIZEOF (.tdata)))
                [!provide]                PROVIDE (__tdata_source_size = (__tdata_source_end - __tdata_source))
                [!provide]                PROVIDE (__data_source = LOADADDR (.data))
                [!provide]                PROVIDE (__data_source_end = __tdata_source_end)
                [!provide]                PROVIDE (__data_source_size = (__data_source_end - __data_source))

.tbss           0x20000434        0x0 load address 0x080014e0
                0x20000434                _sbss = .
                0x20000434                __bss_start__ = _sbss
 *(.tbss .tbss.*)
                0x20000434                . = ALIGN (0x4)
                [!provide]                PROVIDE (__tbss_end = .)
                [!provide]                PROVIDE (__tbss_start = ADDR (.tbss))
                [!provide]                PROVIDE (__tbss_size = (__tbss_end - __tbss_start))
                [!provide]                PROVIDE (__tbss_offset = (ADDR (.tbss) - ADDR (.tdata)))
                [!provide]                PROVIDE (__tls_base = __tdata_start)
                [!provide]                PROVIDE (__tls_end = __tbss_end)
                [!provide]                PROVIDE (__tls_size = (__tls_end - __tls_base))
                [!provide]                PROVIDE (__tls_align = MAX (ALIGNOF (.tdata), ALIGNOF (.tbss)))
                [!provide]                PROVIDE (__tls_size_align = (((__tls_size + __tls_align) - 0x1) & ~ ((__tls_align - 0x1))))
                [!provide]                PROVIDE (__arm32_tls_tcb_offset = MAX (0x8, __tls_align))
                [!provide]                PROVIDE (__arm64_tls_tcb_offset = MAX (0x10, __tls_align))

.bss            0x20000434       0x58 load address 0x080014e0
 *(.bss)
 .bss           0x20000434       0x1c c:/progra~2/gnuarm~1/102021~1.10/bin/../lib/gcc/arm-none-eabi/10.3.1/thumb/v7e-m+fp/hard/crtbegin.o
 *(.bss*)
 .bss.cfg       0x20000450       0x18 src/app/motion/libmotion.a(motion_units.c.obj)
 .bss.moving_mask
                0x20000468        0x1 src/drivers/stepgen/libstepgen.a(stepgen_pwm_tim3.c.obj)
 *fill*         0x20000469        0x3 
 .bss.steps_remaining
                0x2000046c        0xc src/drivers/stepgen/libstepgen.a(stepgen_pwm_tim3.c.obj)
 .bss.s_estop_db
                0x20000478        0x3 src/drivers/estop/libestop.a(estop.c.obj)
 .bss.s_latched
                0x2000047b        0x1 src/drivers/estop/libestop.a(estop.c.obj)
 .bss.s_min_db  0x2000047c        0x9 src/drivers/limits/liblimits.a(limits.c.obj)
 *fill*         0x20000485        0x3 
 .bss.__lock___atexit_recursive_mutex
                0x20000488        0x1 c:/progra~2/gnuarm~1/102021~1.10/bin/../lib/gcc/arm-none-eabi/10.3.1/../../../../arm-none-eabi/lib/thumb/v7e-m+fp/hard\libc.a(lib_a-lock.o)
                0x20000488                __lock___atexit_recursive_mutex
 *(COMMON)
                0x2000048c                . = ALIGN (0x4)
 *fill*         0x20000489        0x3 
                0x2000048c                _ebss = .
                0x2000048c                __bss_end__ = _ebss
                [!provide]                PROVIDE (__bss_end = .)
                [!provide]                PROVIDE (__non_tls_bss_start = ADDR (.bss))
                [!provide]                PROVIDE (__bss_start = __tbss_start)
                [!provide]                PROVIDE (__bss_size = (__bss_end - __bss_start))

._user_heap_stack
                0x2000048c      0x604 load address 0x080014e0
                0x20000490                . = ALIGN (0x8)
 *fill*         0x2000048c        0x4 
                [!provide]                PROVIDE (end = .)
                [!provide]                PROVIDE (_end = .)
                0x20000690                . = (. + _Min_Heap_Size)
 *fill*         0x20000490      0x200 
                0x20000a90                . = (. + _Min_Stack_Size)
 *fill*         0x20000690      0x400 
                0x20000a90                . = ALIGN (0x8)

/DISCARD/
 libc.a:*(*)
 libm.a:*(*)
 libgcc.a:*(*)
OUTPUT(CNCv1 elf32-littlearm)
LOAD linker stubs

.ARM.attributes
                0x00000000       0x30
 .ARM.attributes
                0x00000000       0x1e c:/progra~2/gnuarm~1/102021~1.10/bin/../lib/gcc/arm-none-eabi/10.3.1/thumb/v7e-m+fp/hard/crti.o
 .ARM.attributes
                0x0000001e       0x34 c:/progra~2/gnuarm~1/102021~1.10/bin/../lib/gcc/arm-none-eabi/10.3.1/thumb/v7e-m+fp/hard/crtbegin.o
 .ARM.attributes
                0x00000052       0x34 mcu_support/CMakeFiles/stm32_startup.dir/st/system_stm32f4xx.c.obj
 .ARM.attributes
                0x00000086       0x21 mcu_support/CMakeFiles/stm32_startup.dir/st/Startup/startup_stm32f446xx.s.obj
 .ARM.attributes
                0x000000a7       0x34 CMakeFiles/CNCv1.dir/src/app/main.c.obj
 .ARM.attributes
                0x000000db       0x34 src/app/libapp_core.a(app_init.c.obj)
 .ARM.attributes
                0x0000010f       0x34 src/app/motion/libmotion.a(motion_units.c.obj)
 .ARM.attributes
                0x00000143       0x34 src/app/motion/libmotion.a(home.c.obj)
 .ARM.attributes
                0x00000177       0x34 src/drivers/stepgen/libstepgen.a(stepgen_pwm_tim3.c.obj)
 .ARM.attributes
                0x000001ab       0x34 src/bsp/libbsp.a(bsp_gpio.c.obj)
 .ARM.attributes
                0x000001df       0x34 src/bsp/libbsp.a(bsp_usart2_debug.c.obj)
 .ARM.attributes
                0x00000213       0x34 src/config/clock/libclock.a(system_clock.c.obj)
 .ARM.attributes
                0x00000247       0x34 src/utils/libutils.a(delay.c.obj)
 .ARM.attributes
                0x0000027b       0x34 src/drivers/estop/libestop.a(estop.c.obj)
 .ARM.attributes
                0x000002af       0x34 src/drivers/limits/liblimits.a(limits.c.obj)
 .ARM.attributes
                0x000002e3       0x34 c:/progra~2/gnuarm~1/102021~1.10/bin/../lib/gcc/arm-none-eabi/10.3.1/../../../../arm-none-eabi/lib/thumb/v7e-m+fp/hard\libc.a(lib_a-impure.o)
 .ARM.attributes
                0x00000317       0x34 c:/progra~2/gnuarm~1/102021~1.10/bin/../lib/gcc/arm-none-eabi/10.3.1/../../../../arm-none-eabi/lib/thumb/v7e-m+fp/hard\libc.a(lib_a-init.o)
 .ARM.attributes
                0x0000034b       0x34 c:/progra~2/gnuarm~1/102021~1.10/bin/../lib/gcc/arm-none-eabi/10.3.1/../../../../arm-none-eabi/lib/thumb/v7e-m+fp/hard\libc.a(lib_a-__call_atexit.o)
 .ARM.attributes
                0x0000037f       0x34 c:/progra~2/gnuarm~1/102021~1.10/bin/../lib/gcc/arm-none-eabi/10.3.1/../../../../arm-none-eabi/lib/thumb/v7e-m+fp/hard\libc.a(lib_a-atexit.o)
 .ARM.attributes
                0x000003b3       0x34 c:/progra~2/gnuarm~1/102021~1.10/bin/../lib/gcc/arm-none-eabi/10.3.1/../../../../arm-none-eabi/lib/thumb/v7e-m+fp/hard\libc.a(lib_a-fini.o)
 .ARM.attributes
                0x000003e7       0x34 c:/progra~2/gnuarm~1/102021~1.10/bin/../lib/gcc/arm-none-eabi/10.3.1/../../../../arm-none-eabi/lib/thumb/v7e-m+fp/hard\libc.a(lib_a-lock.o)
 .ARM.attributes
                0x0000041b       0x34 c:/progra~2/gnuarm~1/102021~1.10/bin/../lib/gcc/arm-none-eabi/10.3.1/../../../../arm-none-eabi/lib/thumb/v7e-m+fp/hard\libc.a(lib_a-__atexit.o)
 .ARM.attributes
                0x0000044f       0x1e c:/progra~2/gnuarm~1/102021~1.10/bin/../lib/gcc/arm-none-eabi/10.3.1/thumb/v7e-m+fp/hard/crtn.o

.comment        0x00000000       0x49
 .comment       0x00000000       0x49 mcu_support/CMakeFiles/stm32_startup.dir/st/system_stm32f4xx.c.obj
                                 0x4a (size before relaxing)
 .comment       0x00000049       0x4a CMakeFiles/CNCv1.dir/src/app/main.c.obj
 .comment       0x00000049       0x4a src/app/libapp_core.a(app_init.c.obj)
 .comment       0x00000049       0x4a src/app/motion/libmotion.a(motion_units.c.obj)
 .comment       0x00000049       0x4a src/app/motion/libmotion.a(home.c.obj)
 .comment       0x00000049       0x4a src/drivers/stepgen/libstepgen.a(stepgen_pwm_tim3.c.obj)
 .comment       0x00000049       0x4a src/bsp/libbsp.a(bsp_gpio.c.obj)
 .comment       0x00000049       0x4a src/bsp/libbsp.a(bsp_usart2_debug.c.obj)
 .comment       0x00000049       0x4a src/config/clock/libclock.a(system_clock.c.obj)
 .comment       0x00000049       0x4a src/utils/libutils.a(delay.c.obj)
 .comment       0x00000049       0x4a src/drivers/estop/libestop.a(estop.c.obj)
 .comment       0x00000049       0x4a src/drivers/limits/liblimits.a(limits.c.obj)

.debug_frame    0x00000000      0x1cc
 .debug_frame   0x00000000       0x2c c:/progra~2/gnuarm~1/102021~1.10/bin/../lib/gcc/arm-none-eabi/10.3.1/../../../../arm-none-eabi/lib/thumb/v7e-m+fp/hard\libc.a(lib_a-init.o)
 .debug_frame   0x0000002c       0x68 c:/progra~2/gnuarm~1/102021~1.10/bin/../lib/gcc/arm-none-eabi/10.3.1/../../../../arm-none-eabi/lib/thumb/v7e-m+fp/hard\libc.a(lib_a-__call_atexit.o)
 .debug_frame   0x00000094       0x20 c:/progra~2/gnuarm~1/102021~1.10/bin/../lib/gcc/arm-none-eabi/10.3.1/../../../../arm-none-eabi/lib/thumb/v7e-m+fp/hard\libc.a(lib_a-atexit.o)
 .debug_frame   0x000000b4       0x34 c:/progra~2/gnuarm~1/102021~1.10/bin/../lib/gcc/arm-none-eabi/10.3.1/../../../../arm-none-eabi/lib/thumb/v7e-m+fp/hard\libc.a(lib_a-fini.o)
 .debug_frame   0x000000e8       0xb0 c:/progra~2/gnuarm~1/102021~1.10/bin/../lib/gcc/arm-none-eabi/10.3.1/../../../../arm-none-eabi/lib/thumb/v7e-m+fp/hard\libc.a(lib_a-lock.o)
 .debug_frame   0x00000198       0x34 c:/progra~2/gnuarm~1/102021~1.10/bin/../lib/gcc/arm-none-eabi/10.3.1/../../../../arm-none-eabi/lib/thumb/v7e-m+fp/hard\libc.a(lib_a-__atexit.o)
